==870== Memcheck, a memory error detector
==870== Copyright (C) 2002-2022, and GNU GPL'd, by Julian Seward et al.
==870== Using Valgrind-3.22.0 and LibVEX; rerun with -h for copyright info
==870== Command: ./timecop_ref_weaver_2048
==870== 
==870== Use of uninitialised value of size 8
==870==    at 0x10F0BF: rej_uniform (poly_invq.c:93)
==870==    by 0x10F1F6: pqcrystals_weaver2048_ref_polyvec_invq (poly_invq.c:130)
==870==    by 0x10A39B: pqcrystals_weaver2048_ref_indcpa_enc (indcpa.c:315)
==870==    by 0x109B19: pqcrystals_weaver2048_ref_dec (kem_cca.c:167)
==870==    by 0x1096CA: main (timecop_harness.c:33)
==870==  Uninitialised value was created by a client request
==870==    at 0x10969A: main (timecop_harness.c:31)
==870== 
==870== Conditional jump or move depends on uninitialised value(s)
==870==    at 0x10F0C5: rej_uniform (poly_invq.c:93)
==870==    by 0x10F1F6: pqcrystals_weaver2048_ref_polyvec_invq (poly_invq.c:130)
==870==    by 0x10A39B: pqcrystals_weaver2048_ref_indcpa_enc (indcpa.c:315)
==870==    by 0x109B19: pqcrystals_weaver2048_ref_dec (kem_cca.c:167)
==870==    by 0x1096CA: main (timecop_harness.c:33)
==870==  Uninitialised value was created by a client request
==870==    at 0x10969A: main (timecop_harness.c:31)
==870== 
==870== Use of uninitialised value of size 8
==870==    at 0x10F0E6: rej_uniform (poly_invq.c:94)
==870==    by 0x10F1F6: pqcrystals_weaver2048_ref_polyvec_invq (poly_invq.c:130)
==870==    by 0x10A39B: pqcrystals_weaver2048_ref_indcpa_enc (indcpa.c:315)
==870==    by 0x109B19: pqcrystals_weaver2048_ref_dec (kem_cca.c:167)
==870==    by 0x1096CA: main (timecop_harness.c:33)
==870==  Uninitialised value was created by a client request
==870==    at 0x10969A: main (timecop_harness.c:31)
==870== 
==870== Conditional jump or move depends on uninitialised value(s)
==870==    at 0x109DC6: rej_uniform (indcpa.c:163)
==870==    by 0x109F3E: pqcrystals_weaver2048_ref_gen_matrix (indcpa.c:210)
==870==    by 0x10A3DE: pqcrystals_weaver2048_ref_indcpa_enc (indcpa.c:325)
==870==    by 0x109B19: pqcrystals_weaver2048_ref_dec (kem_cca.c:167)
==870==    by 0x1096CA: main (timecop_harness.c:33)
==870==  Uninitialised value was created by a client request
==870==    at 0x10969A: main (timecop_harness.c:31)
==870== 
==870== Conditional jump or move depends on uninitialised value(s)
==870==    at 0x109DF3: rej_uniform (indcpa.c:165)
==870==    by 0x109F3E: pqcrystals_weaver2048_ref_gen_matrix (indcpa.c:210)
==870==    by 0x10A3DE: pqcrystals_weaver2048_ref_indcpa_enc (indcpa.c:325)
==870==    by 0x109B19: pqcrystals_weaver2048_ref_dec (kem_cca.c:167)
==870==    by 0x1096CA: main (timecop_harness.c:33)
==870==  Uninitialised value was created by a client request
==870==    at 0x10969A: main (timecop_harness.c:31)
==870== 
==870== Conditional jump or move depends on uninitialised value(s)
==870==    at 0x48524EE: bcmp (in /usr/libexec/valgrind/vgpreload_memcheck-amd64-linux.so)
==870==    by 0x109790: main (timecop_harness.c:39)
==870==  Uninitialised value was created by a client request
==870==    at 0x10969A: main (timecop_harness.c:31)
==870== 
TIMECOP harness finished successfully
==870== 
==870== HEAP SUMMARY:
==870==     in use at exit: 0 bytes in 0 blocks
==870==   total heap usage: 6,801 allocs, 6,801 frees, 566,364 bytes allocated
==870== 
==870== All heap blocks were freed -- no leaks are possible
==870== 
==870== For lists of detected and suppressed errors, rerun with: -s
==870== ERROR SUMMARY: 17148 errors from 6 contexts (suppressed: 0 from 0)
