==769== Memcheck, a memory error detector
==769== Copyright (C) 2002-2022, and GNU GPL'd, by Julian Seward et al.
==769== Using Valgrind-3.22.0 and LibVEX; rerun with -h for copyright info
==769== Command: ./timecop_ref_weaver_512
==769== 
==769== Use of uninitialised value of size 8
==769==    at 0x10EB20: rej_uniform (poly_invq.c:93)
==769==    by 0x10EC57: pqcrystals_weaver512_ref_polyvec_invq (poly_invq.c:130)
==769==    by 0x10A323: pqcrystals_weaver512_ref_indcpa_enc (indcpa.c:315)
==769==    by 0x109ABF: pqcrystals_weaver512_ref_dec (kem_cca.c:167)
==769==    by 0x109692: main (timecop_harness.c:33)
==769==  Uninitialised value was created by a client request
==769==    at 0x109662: main (timecop_harness.c:31)
==769== 
==769== Conditional jump or move depends on uninitialised value(s)
==769==    at 0x10EB26: rej_uniform (poly_invq.c:93)
==769==    by 0x10EC57: pqcrystals_weaver512_ref_polyvec_invq (poly_invq.c:130)
==769==    by 0x10A323: pqcrystals_weaver512_ref_indcpa_enc (indcpa.c:315)
==769==    by 0x109ABF: pqcrystals_weaver512_ref_dec (kem_cca.c:167)
==769==    by 0x109692: main (timecop_harness.c:33)
==769==  Uninitialised value was created by a client request
==769==    at 0x109662: main (timecop_harness.c:31)
==769== 
==769== Use of uninitialised value of size 8
==769==    at 0x10EB47: rej_uniform (poly_invq.c:94)
==769==    by 0x10EC57: pqcrystals_weaver512_ref_polyvec_invq (poly_invq.c:130)
==769==    by 0x10A323: pqcrystals_weaver512_ref_indcpa_enc (indcpa.c:315)
==769==    by 0x109ABF: pqcrystals_weaver512_ref_dec (kem_cca.c:167)
==769==    by 0x109692: main (timecop_harness.c:33)
==769==  Uninitialised value was created by a client request
==769==    at 0x109662: main (timecop_harness.c:31)
==769== 
==769== Conditional jump or move depends on uninitialised value(s)
==769==    at 0x109D6C: rej_uniform (indcpa.c:163)
==769==    by 0x109EE4: pqcrystals_weaver512_ref_gen_matrix (indcpa.c:210)
==769==    by 0x10A366: pqcrystals_weaver512_ref_indcpa_enc (indcpa.c:325)
==769==    by 0x109ABF: pqcrystals_weaver512_ref_dec (kem_cca.c:167)
==769==    by 0x109692: main (timecop_harness.c:33)
==769==  Uninitialised value was created by a client request
==769==    at 0x109662: main (timecop_harness.c:31)
==769== 
==769== Conditional jump or move depends on uninitialised value(s)
==769==    at 0x109D99: rej_uniform (indcpa.c:165)
==769==    by 0x109EE4: pqcrystals_weaver512_ref_gen_matrix (indcpa.c:210)
==769==    by 0x10A366: pqcrystals_weaver512_ref_indcpa_enc (indcpa.c:325)
==769==    by 0x109ABF: pqcrystals_weaver512_ref_dec (kem_cca.c:167)
==769==    by 0x109692: main (timecop_harness.c:33)
==769==  Uninitialised value was created by a client request
==769==    at 0x109662: main (timecop_harness.c:31)
==769== 
==769== Conditional jump or move depends on uninitialised value(s)
==769==    at 0x48524EE: bcmp (in /usr/libexec/valgrind/vgpreload_memcheck-amd64-linux.so)
==769==    by 0x109758: main (timecop_harness.c:39)
==769==  Uninitialised value was created by a client request
==769==    at 0x109662: main (timecop_harness.c:31)
==769== 
TIMECOP harness finished successfully
==769== 
==769== HEAP SUMMARY:
==769==     in use at exit: 0 bytes in 0 blocks
==769==   total heap usage: 6,792 allocs, 6,792 frees, 564,432 bytes allocated
==769== 
==769== All heap blocks were freed -- no leaks are possible
==769== 
==769== For lists of detected and suppressed errors, rerun with: -s
==769== ERROR SUMMARY: 2987 errors from 6 contexts (suppressed: 0 from 0)
